// Jest Snapshot v1, https://goo.gl/fbAQLP

exports[`Link changes the class when hovered 1`] = `
<div
  className="json-view json-view-root message"
>
  <div
    className="json-view-start"
    onClick={[Function]}
  >
    <svg
      className="json-view-expand"
      version="1.1"
      viewBox="0 0 1024 1024"
      xmlns="http://www.w3.org/2000/svg"
    >
      <path
        d="M755.552 495.36l-384-296.672a31.936 31.936 0 0 0-51.552 25.28v593.504a32 32 0 0 0 51.552 25.28l384-296.704a32 32 0 0 0 0-50.656"
      />
    </svg>
    <div
      className="json-view-name"
    >
      <span>
        "ROOT": 
      </span>
    </div>
    <span
      className="json-view-tag"
    >
      {
    </span>
    <span
      className="json-view-hide"
    >
      <span
        className="json-view-points"
      >
        ...
      </span>
      <span
        className="json-view-tag"
      >
        }
      </span>
    </span>
    <span
      className="json-view-count"
    >
      5
       Items
    </span>
  </div>
  <div
    className="json-view-items"
  >
    <div
      className="json-view-item float"
    >
      <div
        className="json-view-item-info"
      >
        <div
          className="json-view-item-name"
        >
          <span>
            "retCode":
          </span>
        </div>
        <span
          className="json-view-item-type"
        >
           
          float
        </span>
      </div>
      <span
        className="json-view-value json-view-item-value"
      >
        144115199742103.334
      </span>
    </div>
    <div
      className="json-view-item boolean"
    >
      <div
        className="json-view-item-info"
      >
        <div
          className="json-view-item-name"
        >
          <span>
            "isValid":
          </span>
        </div>
        <span
          className="json-view-item-type"
        >
           
          boolean
        </span>
      </div>
      <span
        className="json-view-value json-view-item-value false"
      >
        false
      </span>
    </div>
    <div
      className="json-view-repeated json-view int"
    >
      <div
        className="json-view-start"
        onClick={[Function]}
      >
        <svg
          className="json-view-expand"
          version="1.1"
          viewBox="0 0 1024 1024"
          xmlns="http://www.w3.org/2000/svg"
        >
          <path
            d="M755.552 495.36l-384-296.672a31.936 31.936 0 0 0-51.552 25.28v593.504a32 32 0 0 0 51.552 25.28l384-296.704a32 32 0 0 0 0-50.656"
          />
        </svg>
        <div
          className="json-view-name"
        >
          <span>
            "list": 
          </span>
        </div>
        <span
          className="json-view-item-type"
        >
           
          int
          []
        </span>
        <span
          className="json-view-tag"
        >
          [
        </span>
        <span
          className="json-view-hide"
        >
          <span
            className="json-view-points"
          >
            ...
          </span>
          <span
            className="json-view-tag"
          >
            ]
          </span>
        </span>
        <span
          className="json-view-count"
        >
          3
           Items
        </span>
      </div>
      <div
        className="json-view-items"
      >
        <div
          className="json-view-repeated-item"
        >
          <span
            className="json-view-repeated-item-index"
          >
            0
            : 
          </span>
          <span
            className="json-view-value json-view-repeated-item-value"
          >
            1
          </span>
        </div>
        <div
          className="json-view-repeated-item"
        >
          <span
            className="json-view-repeated-item-index"
          >
            1
            : 
          </span>
          <span
            className="json-view-value json-view-repeated-item-value"
          >
            2
          </span>
        </div>
        <div
          className="json-view-repeated-item"
        >
          <span
            className="json-view-repeated-item-index"
          >
            2
            : 
          </span>
          <span
            className="json-view-value json-view-repeated-item-value"
          >
            3
          </span>
        </div>
      </div>
      <div
        className="json-view-end"
      >
        <span
          onClick={[Function]}
        >
          ]
        </span>
      </div>
    </div>
    <div
      className="json-view message"
    >
      <div
        className="json-view-start"
        onClick={[Function]}
      >
        <svg
          className="json-view-expand"
          version="1.1"
          viewBox="0 0 1024 1024"
          xmlns="http://www.w3.org/2000/svg"
        >
          <path
            d="M755.552 495.36l-384-296.672a31.936 31.936 0 0 0-51.552 25.28v593.504a32 32 0 0 0 51.552 25.28l384-296.704a32 32 0 0 0 0-50.656"
          />
        </svg>
        <div
          className="json-view-name"
        >
          <span>
            "retData": 
          </span>
        </div>
        <span
          className="json-view-item-type"
        >
           message
        </span>
        <span
          className="json-view-tag"
        >
          {
        </span>
        <span
          className="json-view-hide"
        >
          <span
            className="json-view-points"
          >
            ...
          </span>
          <span
            className="json-view-tag"
          >
            }
          </span>
        </span>
        <span
          className="json-view-count"
        >
          2
           Items
        </span>
      </div>
      <div
        className="json-view-items"
      >
        <div
          className="json-view message"
        >
          <div
            className="json-view-start"
            onClick={[Function]}
          >
            <svg
              className="json-view-expand"
              version="1.1"
              viewBox="0 0 1024 1024"
              xmlns="http://www.w3.org/2000/svg"
            >
              <path
                d="M755.552 495.36l-384-296.672a31.936 31.936 0 0 0-51.552 25.28v593.504a32 32 0 0 0 51.552 25.28l384-296.704a32 32 0 0 0 0-50.656"
              />
            </svg>
            <div
              className="json-view-name"
            >
              <span>
                "respBodyMsg": 
              </span>
            </div>
            <span
              className="json-view-item-type"
            >
               message
            </span>
            <span
              className="json-view-tag"
            >
              {
            </span>
            <span
              className="json-view-hide"
            >
              <span
                className="json-view-points"
              >
                ...
              </span>
              <span
                className="json-view-tag"
              >
                }
              </span>
            </span>
            <span
              className="json-view-count"
            >
              4
               Items
            </span>
          </div>
          <div
            className="json-view-items"
          >
            <div
              className="json-view-repeated json-view message"
            >
              <div
                className="json-view-start"
                onClick={[Function]}
              >
                <svg
                  className="json-view-expand"
                  version="1.1"
                  viewBox="0 0 1024 1024"
                  xmlns="http://www.w3.org/2000/svg"
                >
                  <path
                    d="M755.552 495.36l-384-296.672a31.936 31.936 0 0 0-51.552 25.28v593.504a32 32 0 0 0 51.552 25.28l384-296.704a32 32 0 0 0 0-50.656"
                  />
                </svg>
                <div
                  className="json-view-name"
                >
                  <span>
                    "users": 
                  </span>
                </div>
                <span
                  className="json-view-item-type"
                >
                   
                  message
                  []
                </span>
                <span
                  className="json-view-tag"
                >
                  [
                </span>
                <span
                  className="json-view-hide"
                >
                  <span
                    className="json-view-points"
                  >
                    ...
                  </span>
                  <span
                    className="json-view-tag"
                  >
                    ]
                  </span>
                </span>
                <span
                  className="json-view-count"
                >
                  2
                   Items
                </span>
              </div>
              <div
                className="json-view-items"
              >
                <div
                  className="json-view message"
                >
                  <div
                    className="json-view-start"
                    onClick={[Function]}
                  >
                    <svg
                      className="json-view-expand"
                      version="1.1"
                      viewBox="0 0 1024 1024"
                      xmlns="http://www.w3.org/2000/svg"
                    >
                      <path
                        d="M755.552 495.36l-384-296.672a31.936 31.936 0 0 0-51.552 25.28v593.504a32 32 0 0 0 51.552 25.28l384-296.704a32 32 0 0 0 0-50.656"
                      />
                    </svg>
                    <div
                      className="json-view-name"
                    >
                      <span>
                        "0": 
                      </span>
                    </div>
                    <span
                      className="json-view-item-type"
                    >
                       message
                    </span>
                    <span
                      className="json-view-tag"
                    >
                      {
                    </span>
                    <span
                      className="json-view-hide"
                    >
                      <span
                        className="json-view-points"
                      >
                        ...
                      </span>
                      <span
                        className="json-view-tag"
                      >
                        }
                      </span>
                    </span>
                    <span
                      className="json-view-count"
                    >
                      3
                       Items
                    </span>
                  </div>
                  <div
                    className="json-view-items"
                  >
                    <div
                      className="json-view-item int"
                    >
                      <div
                        className="json-view-item-info"
                      >
                        <div
                          className="json-view-item-name"
                        >
                          <span>
                            "uid":
                          </span>
                        </div>
                        <span
                          className="json-view-item-type"
                        >
                           
                          int
                        </span>
                      </div>
                      <span
                        className="json-view-value json-view-item-value"
                      >
                        2639271515
                      </span>
                    </div>
                    <div
                      className="json-view-item int"
                    >
                      <div
                        className="json-view-item-info"
                      >
                        <div
                          className="json-view-item-name"
                        >
                          <span>
                            "class_id":
                          </span>
                        </div>
                        <span
                          className="json-view-item-type"
                        >
                           
                          int
                        </span>
                      </div>
                      <span
                        className="json-view-value json-view-item-value"
                      >
                        0
                      </span>
                    </div>
                    <div
                      className="json-view-item int"
                    >
                      <div
                        className="json-view-item-info"
                      >
                        <div
                          className="json-view-item-name"
                        >
                          <span>
                            "ts":
                          </span>
                        </div>
                        <span
                          className="json-view-item-type"
                        >
                           
                          int
                        </span>
                      </div>
                      <span
                        className="json-view-value json-view-item-value"
                      >
                        1522659325
                      </span>
                    </div>
                  </div>
                  <div
                    className="json-view-end"
                  >
                    <span
                      onClick={[Function]}
                    >
                      }
                    </span>
                  </div>
                </div>
                <div
                  className="json-view message"
                >
                  <div
                    className="json-view-start"
                    onClick={[Function]}
                  >
                    <svg
                      className="json-view-expand"
                      version="1.1"
                      viewBox="0 0 1024 1024"
                      xmlns="http://www.w3.org/2000/svg"
                    >
                      <path
                        d="M755.552 495.36l-384-296.672a31.936 31.936 0 0 0-51.552 25.28v593.504a32 32 0 0 0 51.552 25.28l384-296.704a32 32 0 0 0 0-50.656"
                      />
                    </svg>
                    <div
                      className="json-view-name"
                    >
                      <span>
                        "1": 
                      </span>
                    </div>
                    <span
                      className="json-view-item-type"
                    >
                       message
                    </span>
                    <span
                      className="json-view-tag"
                    >
                      {
                    </span>
                    <span
                      className="json-view-hide"
                    >
                      <span
                        className="json-view-points"
                      >
                        ...
                      </span>
                      <span
                        className="json-view-tag"
                      >
                        }
                      </span>
                    </span>
                    <span
                      className="json-view-count"
                    >
                      4
                       Items
                    </span>
                  </div>
                  <div
                    className="json-view-items"
                  >
                    <div
                      className="json-view-item int"
                    >
                      <div
                        className="json-view-item-info"
                      >
                        <div
                          className="json-view-item-name"
                        >
                          <span>
                            "uid":
                          </span>
                        </div>
                        <span
                          className="json-view-item-type"
                        >
                           
                          int
                        </span>
                      </div>
                      <span
                        className="json-view-value json-view-item-value"
                      >
                        144115199742103334
                      </span>
                    </div>
                    <div
                      className="json-view-item int"
                    >
                      <div
                        className="json-view-item-info"
                      >
                        <div
                          className="json-view-item-name"
                        >
                          <span>
                            "class_id":
                          </span>
                        </div>
                        <span
                          className="json-view-item-type"
                        >
                           
                          int
                        </span>
                      </div>
                      <span
                        className="json-view-value json-view-item-value"
                      >
                        0
                      </span>
                    </div>
                    <div
                      className="json-view-item int"
                    >
                      <div
                        className="json-view-item-info"
                      >
                        <div
                          className="json-view-item-name"
                        >
                          <span>
                            "ts":
                          </span>
                        </div>
                        <span
                          className="json-view-item-type"
                        >
                           
                          int
                        </span>
                      </div>
                      <span
                        className="json-view-value json-view-item-value"
                      >
                        1522728716
                      </span>
                    </div>
                    <div
                      className="json-view-item int"
                    >
                      <div
                        className="json-view-item-info"
                      >
                        <div
                          className="json-view-item-name"
                        >
                          <span>
                            "uid_type":
                          </span>
                        </div>
                        <span
                          className="json-view-item-type"
                        >
                           
                          int
                        </span>
                      </div>
                      <span
                        className="json-view-value json-view-item-value"
                      >
                        2
                      </span>
                    </div>
                  </div>
                  <div
                    className="json-view-end"
                  >
                    <span
                      onClick={[Function]}
                    >
                      }
                    </span>
                  </div>
                </div>
              </div>
              <div
                className="json-view-end"
              >
                <span
                  onClick={[Function]}
                >
                  ]
                </span>
              </div>
            </div>
            <div
              className="json-view-item int"
            >
              <div
                className="json-view-item-info"
              >
                <div
                  className="json-view-item-name"
                >
                  <span>
                    "shards":
                  </span>
                </div>
                <span
                  className="json-view-item-type"
                >
                   
                  int
                </span>
              </div>
              <span
                className="json-view-value json-view-item-value"
              >
                1
              </span>
            </div>
            <div
              className="json-view-item int"
            >
              <div
                className="json-view-item-info"
              >
                <div
                  className="json-view-item-name"
                >
                  <span>
                    "tid":
                  </span>
                </div>
                <span
                  className="json-view-item-type"
                >
                   
                  int
                </span>
              </div>
              <span
                className="json-view-value json-view-item-value"
              >
                2000006564
              </span>
            </div>
            <div
              className="json-view-item int"
            >
              <div
                className="json-view-item-info"
              >
                <div
                  className="json-view-item-name"
                >
                  <span>
                    "cid":
                  </span>
                </div>
                <span
                  className="json-view-item-type"
                >
                   
                  int
                </span>
              </div>
              <span
                className="json-view-value json-view-item-value"
              >
                76629
              </span>
            </div>
          </div>
          <div
            className="json-view-end"
          >
            <span
              onClick={[Function]}
            >
              }
            </span>
          </div>
        </div>
        <div
          className="json-view message"
        >
          <div
            className="json-view-start"
            onClick={[Function]}
          >
            <svg
              className="json-view-expand"
              version="1.1"
              viewBox="0 0 1024 1024"
              xmlns="http://www.w3.org/2000/svg"
            >
              <path
                d="M755.552 495.36l-384-296.672a31.936 31.936 0 0 0-51.552 25.28v593.504a32 32 0 0 0 51.552 25.28l384-296.704a32 32 0 0 0 0-50.656"
              />
            </svg>
            <div
              className="json-view-name"
            >
              <span>
                "respHeader": 
              </span>
            </div>
            <span
              className="json-view-item-type"
            >
               message
            </span>
            <span
              className="json-view-tag"
            >
              {
            </span>
            <span
              className="json-view-hide"
            >
              <span
                className="json-view-points"
              >
                ...
              </span>
              <span
                className="json-view-tag"
              >
                }
              </span>
            </span>
            <span
              className="json-view-count"
            >
              4
               Items
            </span>
          </div>
          <div
            className="json-view-items"
          >
            <div
              className="json-view-item int"
            >
              <div
                className="json-view-item-info"
              >
                <div
                  className="json-view-item-name"
                >
                  <span>
                    "time":
                  </span>
                </div>
                <span
                  className="json-view-item-type"
                >
                   
                  int
                </span>
              </div>
              <span
                className="json-view-value json-view-item-value"
              >
                324
              </span>
            </div>
            <div
              className="json-view-item string"
            >
              <div
                className="json-view-item-info"
              >
                <div
                  className="json-view-item-name"
                >
                  <span>
                    "remote":
                  </span>
                </div>
                <span
                  className="json-view-item-type"
                >
                   
                  string
                </span>
              </div>
              <span
                className="json-view-value json-view-item-value"
              >
                "/10.60.38.128:35770"
              </span>
            </div>
            <div
              className="json-view-item string"
            >
              <div
                className="json-view-item-info"
              >
                <div
                  className="json-view-item-name"
                >
                  <span>
                    "errmsg":
                  </span>
                </div>
                <span
                  className="json-view-item-type"
                >
                   
                  string
                </span>
              </div>
              <span
                className="json-view-value json-view-item-value"
              >
                ""
              </span>
            </div>
            <div
              className="json-view-item int"
            >
              <div
                className="json-view-item-info"
              >
                <div
                  className="json-view-item-name"
                >
                  <span>
                    "errcode":
                  </span>
                </div>
                <span
                  className="json-view-item-type"
                >
                   
                  int
                </span>
              </div>
              <span
                className="json-view-value json-view-item-value"
              >
                0
              </span>
            </div>
          </div>
          <div
            className="json-view-end"
          >
            <span
              onClick={[Function]}
            >
              }
            </span>
          </div>
        </div>
      </div>
      <div
        className="json-view-end"
      >
        <span
          onClick={[Function]}
        >
          }
        </span>
      </div>
    </div>
    <div
      className="json-view-item null"
    >
      <div
        className="json-view-item-info"
      >
        <div
          className="json-view-item-name"
        >
          <span>
            "retMsg":
          </span>
        </div>
        <span
          className="json-view-item-type"
        >
           
          null
        </span>
      </div>
      <span
        className="json-view-value json-view-item-value"
      >
        
      </span>
    </div>
  </div>
  <div
    className="json-view-end"
  >
    <span
      onClick={[Function]}
    >
      }
    </span>
  </div>
</div>
`;

exports[`test component 1`] = `
<div
  className="json-view json-view-root message"
>
  <div
    className="json-view-start"
    onClick={[Function]}
  >
    <svg
      className="json-view-expand"
      version="1.1"
      viewBox="0 0 1024 1024"
      xmlns="http://www.w3.org/2000/svg"
    >
      <path
        d="M755.552 495.36l-384-296.672a31.936 31.936 0 0 0-51.552 25.28v593.504a32 32 0 0 0 51.552 25.28l384-296.704a32 32 0 0 0 0-50.656"
      />
    </svg>
    <div
      className="json-view-name"
    >
      <span>
        "ROOT": 
      </span>
    </div>
    <span
      className="json-view-tag"
    >
      {
    </span>
    <span
      className="json-view-hide"
    >
      <span
        className="json-view-points"
      >
        ...
      </span>
      <span
        className="json-view-tag"
      >
        }
      </span>
    </span>
    <span
      className="json-view-count"
    >
      5
       Items
    </span>
  </div>
  <div
    className="json-view-items"
  >
    <div
      className="json-view-item float"
    >
      <div
        className="json-view-item-info"
      >
        <div
          className="json-view-item-name"
        >
          <span>
            "retCode":
          </span>
        </div>
        <span
          className="json-view-item-type"
        >
           
          float
        </span>
      </div>
      <span
        className="json-view-value json-view-item-value"
      >
        144115199742103.334
      </span>
    </div>
    <div
      className="json-view-item boolean"
    >
      <div
        className="json-view-item-info"
      >
        <div
          className="json-view-item-name"
        >
          <span>
            "isValid":
          </span>
        </div>
        <span
          className="json-view-item-type"
        >
           
          boolean
        </span>
      </div>
      <span
        className="json-view-value json-view-item-value false"
      >
        false
      </span>
    </div>
    <div
      className="json-view-repeated json-view int"
    >
      <div
        className="json-view-start"
        onClick={[Function]}
      >
        <svg
          className="json-view-expand"
          version="1.1"
          viewBox="0 0 1024 1024"
          xmlns="http://www.w3.org/2000/svg"
        >
          <path
            d="M755.552 495.36l-384-296.672a31.936 31.936 0 0 0-51.552 25.28v593.504a32 32 0 0 0 51.552 25.28l384-296.704a32 32 0 0 0 0-50.656"
          />
        </svg>
        <div
          className="json-view-name"
        >
          <span>
            "list": 
          </span>
        </div>
        <span
          className="json-view-item-type"
        >
           
          int
          []
        </span>
        <span
          className="json-view-tag"
        >
          [
        </span>
        <span
          className="json-view-hide"
        >
          <span
            className="json-view-points"
          >
            ...
          </span>
          <span
            className="json-view-tag"
          >
            ]
          </span>
        </span>
        <span
          className="json-view-count"
        >
          3
           Items
        </span>
      </div>
      <div
        className="json-view-items"
      >
        <div
          className="json-view-repeated-item"
        >
          <span
            className="json-view-repeated-item-index"
          >
            0
            : 
          </span>
          <span
            className="json-view-value json-view-repeated-item-value"
          >
            1
          </span>
        </div>
        <div
          className="json-view-repeated-item"
        >
          <span
            className="json-view-repeated-item-index"
          >
            1
            : 
          </span>
          <span
            className="json-view-value json-view-repeated-item-value"
          >
            2
          </span>
        </div>
        <div
          className="json-view-repeated-item"
        >
          <span
            className="json-view-repeated-item-index"
          >
            2
            : 
          </span>
          <span
            className="json-view-value json-view-repeated-item-value"
          >
            3
          </span>
        </div>
      </div>
      <div
        className="json-view-end"
      >
        <span
          onClick={[Function]}
        >
          ]
        </span>
      </div>
    </div>
    <div
      className="json-view message"
    >
      <div
        className="json-view-start"
        onClick={[Function]}
      >
        <svg
          className="json-view-expand"
          version="1.1"
          viewBox="0 0 1024 1024"
          xmlns="http://www.w3.org/2000/svg"
        >
          <path
            d="M755.552 495.36l-384-296.672a31.936 31.936 0 0 0-51.552 25.28v593.504a32 32 0 0 0 51.552 25.28l384-296.704a32 32 0 0 0 0-50.656"
          />
        </svg>
        <div
          className="json-view-name"
        >
          <span>
            "retData": 
          </span>
        </div>
        <span
          className="json-view-item-type"
        >
           message
        </span>
        <span
          className="json-view-tag"
        >
          {
        </span>
        <span
          className="json-view-hide"
        >
          <span
            className="json-view-points"
          >
            ...
          </span>
          <span
            className="json-view-tag"
          >
            }
          </span>
        </span>
        <span
          className="json-view-count"
        >
          2
           Items
        </span>
      </div>
      <div
        className="json-view-items"
      >
        <div
          className="json-view message"
        >
          <div
            className="json-view-start"
            onClick={[Function]}
          >
            <svg
              className="json-view-expand"
              version="1.1"
              viewBox="0 0 1024 1024"
              xmlns="http://www.w3.org/2000/svg"
            >
              <path
                d="M755.552 495.36l-384-296.672a31.936 31.936 0 0 0-51.552 25.28v593.504a32 32 0 0 0 51.552 25.28l384-296.704a32 32 0 0 0 0-50.656"
              />
            </svg>
            <div
              className="json-view-name"
            >
              <span>
                "respBodyMsg": 
              </span>
            </div>
            <span
              className="json-view-item-type"
            >
               message
            </span>
            <span
              className="json-view-tag"
            >
              {
            </span>
            <span
              className="json-view-hide"
            >
              <span
                className="json-view-points"
              >
                ...
              </span>
              <span
                className="json-view-tag"
              >
                }
              </span>
            </span>
            <span
              className="json-view-count"
            >
              4
               Items
            </span>
          </div>
          <div
            className="json-view-items"
          >
            <div
              className="json-view-repeated json-view message"
            >
              <div
                className="json-view-start"
                onClick={[Function]}
              >
                <svg
                  className="json-view-expand"
                  version="1.1"
                  viewBox="0 0 1024 1024"
                  xmlns="http://www.w3.org/2000/svg"
                >
                  <path
                    d="M755.552 495.36l-384-296.672a31.936 31.936 0 0 0-51.552 25.28v593.504a32 32 0 0 0 51.552 25.28l384-296.704a32 32 0 0 0 0-50.656"
                  />
                </svg>
                <div
                  className="json-view-name"
                >
                  <span>
                    "users": 
                  </span>
                </div>
                <span
                  className="json-view-item-type"
                >
                   
                  message
                  []
                </span>
                <span
                  className="json-view-tag"
                >
                  [
                </span>
                <span
                  className="json-view-hide"
                >
                  <span
                    className="json-view-points"
                  >
                    ...
                  </span>
                  <span
                    className="json-view-tag"
                  >
                    ]
                  </span>
                </span>
                <span
                  className="json-view-count"
                >
                  2
                   Items
                </span>
              </div>
              <div
                className="json-view-items"
              >
                <div
                  className="json-view message"
                >
                  <div
                    className="json-view-start"
                    onClick={[Function]}
                  >
                    <svg
                      className="json-view-expand"
                      version="1.1"
                      viewBox="0 0 1024 1024"
                      xmlns="http://www.w3.org/2000/svg"
                    >
                      <path
                        d="M755.552 495.36l-384-296.672a31.936 31.936 0 0 0-51.552 25.28v593.504a32 32 0 0 0 51.552 25.28l384-296.704a32 32 0 0 0 0-50.656"
                      />
                    </svg>
                    <div
                      className="json-view-name"
                    >
                      <span>
                        "0": 
                      </span>
                    </div>
                    <span
                      className="json-view-item-type"
                    >
                       message
                    </span>
                    <span
                      className="json-view-tag"
                    >
                      {
                    </span>
                    <span
                      className="json-view-hide"
                    >
                      <span
                        className="json-view-points"
                      >
                        ...
                      </span>
                      <span
                        className="json-view-tag"
                      >
                        }
                      </span>
                    </span>
                    <span
                      className="json-view-count"
                    >
                      3
                       Items
                    </span>
                  </div>
                  <div
                    className="json-view-items"
                  >
                    <div
                      className="json-view-item int"
                    >
                      <div
                        className="json-view-item-info"
                      >
                        <div
                          className="json-view-item-name"
                        >
                          <span>
                            "uid":
                          </span>
                        </div>
                        <span
                          className="json-view-item-type"
                        >
                           
                          int
                        </span>
                      </div>
                      <span
                        className="json-view-value json-view-item-value"
                      >
                        2639271515
                      </span>
                    </div>
                    <div
                      className="json-view-item int"
                    >
                      <div
                        className="json-view-item-info"
                      >
                        <div
                          className="json-view-item-name"
                        >
                          <span>
                            "class_id":
                          </span>
                        </div>
                        <span
                          className="json-view-item-type"
                        >
                           
                          int
                        </span>
                      </div>
                      <span
                        className="json-view-value json-view-item-value"
                      >
                        0
                      </span>
                    </div>
                    <div
                      className="json-view-item int"
                    >
                      <div
                        className="json-view-item-info"
                      >
                        <div
                          className="json-view-item-name"
                        >
                          <span>
                            "ts":
                          </span>
                        </div>
                        <span
                          className="json-view-item-type"
                        >
                           
                          int
                        </span>
                      </div>
                      <span
                        className="json-view-value json-view-item-value"
                      >
                        1522659325
                      </span>
                    </div>
                  </div>
                  <div
                    className="json-view-end"
                  >
                    <span
                      onClick={[Function]}
                    >
                      }
                    </span>
                  </div>
                </div>
                <div
                  className="json-view message"
                >
                  <div
                    className="json-view-start"
                    onClick={[Function]}
                  >
                    <svg
                      className="json-view-expand"
                      version="1.1"
                      viewBox="0 0 1024 1024"
                      xmlns="http://www.w3.org/2000/svg"
                    >
                      <path
                        d="M755.552 495.36l-384-296.672a31.936 31.936 0 0 0-51.552 25.28v593.504a32 32 0 0 0 51.552 25.28l384-296.704a32 32 0 0 0 0-50.656"
                      />
                    </svg>
                    <div
                      className="json-view-name"
                    >
                      <span>
                        "1": 
                      </span>
                    </div>
                    <span
                      className="json-view-item-type"
                    >
                       message
                    </span>
                    <span
                      className="json-view-tag"
                    >
                      {
                    </span>
                    <span
                      className="json-view-hide"
                    >
                      <span
                        className="json-view-points"
                      >
                        ...
                      </span>
                      <span
                        className="json-view-tag"
                      >
                        }
                      </span>
                    </span>
                    <span
                      className="json-view-count"
                    >
                      4
                       Items
                    </span>
                  </div>
                  <div
                    className="json-view-items"
                  >
                    <div
                      className="json-view-item int"
                    >
                      <div
                        className="json-view-item-info"
                      >
                        <div
                          className="json-view-item-name"
                        >
                          <span>
                            "uid":
                          </span>
                        </div>
                        <span
                          className="json-view-item-type"
                        >
                           
                          int
                        </span>
                      </div>
                      <span
                        className="json-view-value json-view-item-value"
                      >
                        144115199742103334
                      </span>
                    </div>
                    <div
                      className="json-view-item int"
                    >
                      <div
                        className="json-view-item-info"
                      >
                        <div
                          className="json-view-item-name"
                        >
                          <span>
                            "class_id":
                          </span>
                        </div>
                        <span
                          className="json-view-item-type"
                        >
                           
                          int
                        </span>
                      </div>
                      <span
                        className="json-view-value json-view-item-value"
                      >
                        0
                      </span>
                    </div>
                    <div
                      className="json-view-item int"
                    >
                      <div
                        className="json-view-item-info"
                      >
                        <div
                          className="json-view-item-name"
                        >
                          <span>
                            "ts":
                          </span>
                        </div>
                        <span
                          className="json-view-item-type"
                        >
                           
                          int
                        </span>
                      </div>
                      <span
                        className="json-view-value json-view-item-value"
                      >
                        1522728716
                      </span>
                    </div>
                    <div
                      className="json-view-item int"
                    >
                      <div
                        className="json-view-item-info"
                      >
                        <div
                          className="json-view-item-name"
                        >
                          <span>
                            "uid_type":
                          </span>
                        </div>
                        <span
                          className="json-view-item-type"
                        >
                           
                          int
                        </span>
                      </div>
                      <span
                        className="json-view-value json-view-item-value"
                      >
                        2
                      </span>
                    </div>
                  </div>
                  <div
                    className="json-view-end"
                  >
                    <span
                      onClick={[Function]}
                    >
                      }
                    </span>
                  </div>
                </div>
              </div>
              <div
                className="json-view-end"
              >
                <span
                  onClick={[Function]}
                >
                  ]
                </span>
              </div>
            </div>
            <div
              className="json-view-item int"
            >
              <div
                className="json-view-item-info"
              >
                <div
                  className="json-view-item-name"
                >
                  <span>
                    "shards":
                  </span>
                </div>
                <span
                  className="json-view-item-type"
                >
                   
                  int
                </span>
              </div>
              <span
                className="json-view-value json-view-item-value"
              >
                1
              </span>
            </div>
            <div
              className="json-view-item int"
            >
              <div
                className="json-view-item-info"
              >
                <div
                  className="json-view-item-name"
                >
                  <span>
                    "tid":
                  </span>
                </div>
                <span
                  className="json-view-item-type"
                >
                   
                  int
                </span>
              </div>
              <span
                className="json-view-value json-view-item-value"
              >
                2000006564
              </span>
            </div>
            <div
              className="json-view-item int"
            >
              <div
                className="json-view-item-info"
              >
                <div
                  className="json-view-item-name"
                >
                  <span>
                    "cid":
                  </span>
                </div>
                <span
                  className="json-view-item-type"
                >
                   
                  int
                </span>
              </div>
              <span
                className="json-view-value json-view-item-value"
              >
                76629
              </span>
            </div>
          </div>
          <div
            className="json-view-end"
          >
            <span
              onClick={[Function]}
            >
              }
            </span>
          </div>
        </div>
        <div
          className="json-view message"
        >
          <div
            className="json-view-start"
            onClick={[Function]}
          >
            <svg
              className="json-view-expand"
              version="1.1"
              viewBox="0 0 1024 1024"
              xmlns="http://www.w3.org/2000/svg"
            >
              <path
                d="M755.552 495.36l-384-296.672a31.936 31.936 0 0 0-51.552 25.28v593.504a32 32 0 0 0 51.552 25.28l384-296.704a32 32 0 0 0 0-50.656"
              />
            </svg>
            <div
              className="json-view-name"
            >
              <span>
                "respHeader": 
              </span>
            </div>
            <span
              className="json-view-item-type"
            >
               message
            </span>
            <span
              className="json-view-tag"
            >
              {
            </span>
            <span
              className="json-view-hide"
            >
              <span
                className="json-view-points"
              >
                ...
              </span>
              <span
                className="json-view-tag"
              >
                }
              </span>
            </span>
            <span
              className="json-view-count"
            >
              4
               Items
            </span>
          </div>
          <div
            className="json-view-items"
          >
            <div
              className="json-view-item int"
            >
              <div
                className="json-view-item-info"
              >
                <div
                  className="json-view-item-name"
                >
                  <span>
                    "time":
                  </span>
                </div>
                <span
                  className="json-view-item-type"
                >
                   
                  int
                </span>
              </div>
              <span
                className="json-view-value json-view-item-value"
              >
                324
              </span>
            </div>
            <div
              className="json-view-item string"
            >
              <div
                className="json-view-item-info"
              >
                <div
                  className="json-view-item-name"
                >
                  <span>
                    "remote":
                  </span>
                </div>
                <span
                  className="json-view-item-type"
                >
                   
                  string
                </span>
              </div>
              <span
                className="json-view-value json-view-item-value"
              >
                "/10.60.38.128:35770"
              </span>
            </div>
            <div
              className="json-view-item string"
            >
              <div
                className="json-view-item-info"
              >
                <div
                  className="json-view-item-name"
                >
                  <span>
                    "errmsg":
                  </span>
                </div>
                <span
                  className="json-view-item-type"
                >
                   
                  string
                </span>
              </div>
              <span
                className="json-view-value json-view-item-value"
              >
                ""
              </span>
            </div>
            <div
              className="json-view-item int"
            >
              <div
                className="json-view-item-info"
              >
                <div
                  className="json-view-item-name"
                >
                  <span>
                    "errcode":
                  </span>
                </div>
                <span
                  className="json-view-item-type"
                >
                   
                  int
                </span>
              </div>
              <span
                className="json-view-value json-view-item-value"
              >
                0
              </span>
            </div>
          </div>
          <div
            className="json-view-end"
          >
            <span
              onClick={[Function]}
            >
              }
            </span>
          </div>
        </div>
      </div>
      <div
        className="json-view-end"
      >
        <span
          onClick={[Function]}
        >
          }
        </span>
      </div>
    </div>
    <div
      className="json-view-item null"
    >
      <div
        className="json-view-item-info"
      >
        <div
          className="json-view-item-name"
        >
          <span>
            "retMsg":
          </span>
        </div>
        <span
          className="json-view-item-type"
        >
           
          null
        </span>
      </div>
      <span
        className="json-view-value json-view-item-value"
      >
        
      </span>
    </div>
  </div>
  <div
    className="json-view-end"
  >
    <span
      onClick={[Function]}
    >
      }
    </span>
  </div>
</div>
`;
